  Activating project at `~/Developer/overdamped_to_underdamped_langevin_limits/test`
   Resolving package versions...
  No Changes to `~/Developer/overdamped_to_underdamped_langevin_limits/test/Project.toml`
  No Changes to `~/Developer/overdamped_to_underdamped_langevin_limits/test/Manifest.toml`
Progress:  13%|█████▌                                   |  ETA: 0:02:12[KProgress:  20%|████████▎                                |  ETA: 0:02:03[KProgress:  27%|██████████▉                              |  ETA: 0:01:52[KProgress:  33%|█████████████▋                           |  ETA: 0:01:41[KProgress:  40%|████████████████▍                        |  ETA: 0:01:31[KProgress:  47%|███████████████████▏                     |  ETA: 0:01:21[K